<html>
<body>
<pre>
<h1>µVision Build Log</h1>
<h2>Project:</h2>
C:\Users\Sam\Desktop\My_temp_project\My_Panasonic_project\My_DA14580_SPS\keil_projects\sps\sps_device\sps_device.uvproj
Project File Date:  06/15/2015

<h2>Output:</h2>
Build target 'sps_device'
linking...
.\out\sps_device.axf: Error: L6218E: Undefined symbol app_sec_env (referred from app_sps_device_project.o).
.\out\sps_device.axf: Error: L6218E: Undefined symbol app_sec_gen_ltk (referred from app_sps_device_project.o).
.\out\sps_device.axf: Error: L6218E: Undefined symbol app_sec_gen_tk (referred from app_sps_device_project.o).
".\out\sps_device.axf" - 3 Errors, 0 Warning(s).
Target not created
Build target 'sps_device'
linking...
.\out\sps_device.axf: Error: L6218E: Undefined symbol app_sec_env (referred from app_sps_device_project.o).
.\out\sps_device.axf: Error: L6218E: Undefined symbol app_sec_gen_ltk (referred from app_sps_device_project.o).
.\out\sps_device.axf: Error: L6218E: Undefined symbol app_sec_gen_tk (referred from app_sps_device_project.o).
".\out\sps_device.axf" - 3 Errors, 0 Warning(s).
Target not created
Build target 'sps_device'
linking...
.\out\sps_device.axf: Error: L6218E: Undefined symbol app_sec_env (referred from app_sps_device_project.o).
.\out\sps_device.axf: Error: L6218E: Undefined symbol app_sec_gen_ltk (referred from app_sps_device_project.o).
.\out\sps_device.axf: Error: L6218E: Undefined symbol app_sec_gen_tk (referred from app_sps_device_project.o).
".\out\sps_device.axf" - 3 Errors, 0 Warning(s).
Target not created
Build target 'sps_device'
linking...
Program Size: Code=15764 RO-data=1576 RW-data=64 ZI-data=10404  
FromELF: creating hex file...
".\out\sps_device.axf" - 0 Errors, 0 Warning(s).
Build target 'sps_device'
linking...
Program Size: Code=15764 RO-data=1576 RW-data=64 ZI-data=10404  
FromELF: creating hex file...
".\out\sps_device.axf" - 0 Errors, 0 Warning(s).
Build target 'sps_device'
compiling app_sps_scheduler.c...
linking...
Program Size: Code=15756 RO-data=1576 RW-data=64 ZI-data=10404  
FromELF: creating hex file...
".\out\sps_device.axf" - 0 Errors, 0 Warning(s).
Build target 'sps_device'
linking...
Program Size: Code=15756 RO-data=1576 RW-data=64 ZI-data=10404  
FromELF: creating hex file...
".\out\sps_device.axf" - 0 Errors, 0 Warning(s).
Build target 'sps_device'
compiling system_ARMCM0.c...
compiling hardfault_handler.c...
compiling arch_main.c...
..\..\..\src\plf\refip\src\arch\main\ble\arch_main.c(118): warning:  #1215-D: #warning directive: "==============================================================> DEVELOPMENT_DEBUG is set!"
compiling jump_table.c...
compiling arch_sleep.c...
compiling nmi_handler.c...
compiling periph_setup.c...
compiling arch_system.c...
compiling rf_580.c...
compiling gpio.c...
..\..\..\src\plf\refip\src\driver\gpio\gpio.c(59): warning:  #1215-D: #warning directive: "GPIO assignment checking is active! Deactivate before burning OTP..."
compiling uart_sps.c...
compiling uart2.c...
compiling gapm.c...
compiling nvds.c...
compiling rwip.c...
compiling rwble.c...
compiling prf_utils.c...
compiling sps_server.c...
compiling sps_server_task.c...
compiling diss.c...
compiling diss_task.c...
compiling sample128.c...
compiling sample128_task.c...
compiling app.c...
..\..\..\src\modules\app\src\app.c(376): warning:  #1441-D: nonstandard cast on lvalue
compiling app_task.c...
compiling app_sps_scheduler.c...
compiling app_sps_device_project.c...
compiling app_spss_task.c...
compiling app_spss.c...
compiling app_dis.c...
compiling app_dis_task.c...
compiling app_sec.c...
compiling app_sec_task.c...
linking...
Program Size: Code=16888 RO-data=1744 RW-data=100 ZI-data=10416  
FromELF: creating hex file...
".\out\sps_device.axf" - 0 Errors, 3 Warning(s).
Build target 'sps_device'
compiling app.c...
..\..\..\src\modules\app\src\app.c(376): warning:  #1441-D: nonstandard cast on lvalue
compiling app_task.c...
compiling app_sps_scheduler.c...
compiling app_sps_device_project.c...
..\..\..\src\modules\app\src\app_project\sps\app_sps_device_project.c(316): error:  #53: expected a ":"
..\..\..\src\modules\app\src\app_project\sps\app_sps_device_project.c(320): warning:  #12-D: parsing restarts here after previous syntax error
compiling app_spss_task.c...
compiling app_dis.c...
compiling app_dis_task.c...
compiling app_sec.c...
compiling app_sec_task.c...
".\out\sps_device.axf" - 1 Errors, 2 Warning(s).
Target not created
Build target 'sps_device'
compiling app_sps_device_project.c...
..\..\..\src\modules\app\src\app_project\sps\app_sps_device_project.c(317): warning:  #223-D: function "app_sample128_create_db_send" declared implicitly
linking...
.\out\sps_device.axf: Error: L6218E: Undefined symbol app_sample128_create_db_send (referred from app_sps_device_project.o).
".\out\sps_device.axf" - 1 Errors, 1 Warning(s).
Target not created
Build target 'sps_device'
compiling app_sps_device_project.c...
..\..\..\src\modules\app\src\app_project\sps\app_sps_device_project.c(317): warning:  #223-D: function "app_sample128_create_db_send" declared implicitly
compiling app_sample128.c...
app_sample128.c(11): error:  #70: incomplete type is not allowed
app_sample128.c(11): error:  #144: a value of type "struct sample128_creatte_db_req *" cannot be used to initialize an entity of type "struct sample128_create_db_req *"
app_sample128.c(17): warning:  #1-D: last line of file ends without a newline
".\out\sps_device.axf" - 2 Errors, 2 Warning(s).
Target not created
Build target 'sps_device'
compiling app_sps_device_project.c...
compiling app_sample128.c...
app_sample128.c(12): error:  #70: incomplete type is not allowed
app_sample128.c(12): error:  #144: a value of type "struct sample128_creatte_db_req *" cannot be used to initialize an entity of type "struct sample128_create_db_req *"
app_sample128.c(18): warning:  #1-D: last line of file ends without a newline
".\out\sps_device.axf" - 2 Errors, 1 Warning(s).
Target not created
Build target 'sps_device'
compiling app_task.c...
.\..\..\..\src\modules\app\api\app_task_handlers.h(173): error:  #20: identifier "SAMPLE128_CREATE_DB_CFG" is undefined
.\..\..\..\src\modules\app\api\app_task_handlers.h(173): error:  #20: identifier "sample128_create_db_cfg_handler" is undefined
.\..\..\..\src\modules\app\api\app_task_handlers.h(173): error:  #44: expression must have pointer type
.\..\..\..\src\modules\app\api\app_task_handlers.h(174): error:  #20: identifier "sample128_val_ind_handler" is undefined
.\..\..\..\src\modules\app\api\app_task_handlers.h(174): error:  #44: expression must have pointer type
.\..\..\..\src\modules\app\api\app_task_handlers.h(175): error:  #20: identifier "sample128_disable_ind_handler" is undefined
.\..\..\..\src\modules\app\api\app_task_handlers.h(175): error:  #44: expression must have pointer type
compiling app_sps_device_project.c...
..\..\..\src\modules\app\src\app_project\sps\app_sps_device_project.c(168): warning:  #223-D: function "app_sample128_enable" declared implicitly
compiling app_sample128.c...
app_sample128.c(14): error:  #70: incomplete type is not allowed
app_sample128.c(14): error:  #144: a value of type "struct sample128_creatte_db_req *" cannot be used to initialize an entity of type "struct sample128_create_db_req *"
app_sample128.c(25): error:  #70: incomplete type is not allowed
app_sample128.c(25): error:  #144: a value of type "struct sample128_creatte_db_req *" cannot be used to initialize an entity of type "struct sample128_enable_req *"
app_sample128.c(40): warning:  #1-D: last line of file ends without a newline
compiling app_sample128_task.c...
app_sample128_task.h(43): warning:  #1-D: last line of file ends without a newline
".\out\sps_device.axf" - 11 Errors, 3 Warning(s).
Target not created
Build target 'sps_device'
compiling app_task.c...
.\..\..\..\src\modules\app\api\app_task_handlers.h(173): error:  #20: identifier "SAMPLE128_CREATE_DB_CFG" is undefined
.\..\..\..\src\modules\app\api\app_task_handlers.h(173): error:  #20: identifier "sample128_create_db_cfg_handler" is undefined
.\..\..\..\src\modules\app\api\app_task_handlers.h(173): error:  #44: expression must have pointer type
.\..\..\..\src\modules\app\api\app_task_handlers.h(174): error:  #20: identifier "sample128_val_ind_handler" is undefined
.\..\..\..\src\modules\app\api\app_task_handlers.h(174): error:  #44: expression must have pointer type
.\..\..\..\src\modules\app\api\app_task_handlers.h(175): error:  #20: identifier "sample128_disable_ind_handler" is undefined
.\..\..\..\src\modules\app\api\app_task_handlers.h(175): error:  #44: expression must have pointer type
compiling app_sps_device_project.c...
compiling app_sample128.c...
app_sample128.c(14): error:  #70: incomplete type is not allowed
app_sample128.c(14): error:  #144: a value of type "struct sample128_creatte_db_req *" cannot be used to initialize an entity of type "struct sample128_create_db_req *"
app_sample128.c(25): error:  #70: incomplete type is not allowed
app_sample128.c(25): error:  #144: a value of type "struct sample128_creatte_db_req *" cannot be used to initialize an entity of type "struct sample128_enable_req *"
app_sample128.c(40): warning:  #1-D: last line of file ends without a newline
compiling app_sample128_task.c...
app_sample128_task.h(43): warning:  #1-D: last line of file ends without a newline
".\out\sps_device.axf" - 11 Errors, 2 Warning(s).
Target not created
Build target 'sps_device'
compiling app_task.c...
.\..\..\..\src\modules\app\api\app_task_handlers.h(173): error:  #20: identifier "sample128_create_db_cfg_handler" is undefined
.\..\..\..\src\modules\app\api\app_task_handlers.h(173): error:  #44: expression must have pointer type
.\..\..\..\src\modules\app\api\app_task_handlers.h(174): error:  #20: identifier "sample128_val_ind_handler" is undefined
.\..\..\..\src\modules\app\api\app_task_handlers.h(174): error:  #44: expression must have pointer type
.\..\..\..\src\modules\app\api\app_task_handlers.h(175): error:  #20: identifier "sample128_disable_ind_handler" is undefined
.\..\..\..\src\modules\app\api\app_task_handlers.h(175): error:  #44: expression must have pointer type
compiling app_sample128.c...
app_sample128.c(14): error:  #70: incomplete type is not allowed
app_sample128.c(14): error:  #144: a value of type "struct sample128_creatte_db_req *" cannot be used to initialize an entity of type "struct sample128_create_db_req *"
app_sample128.c(25): error:  #70: incomplete type is not allowed
app_sample128.c(25): error:  #144: a value of type "struct sample128_creatte_db_req *" cannot be used to initialize an entity of type "struct sample128_enable_req *"
app_sample128.c(40): warning:  #1-D: last line of file ends without a newline
".\out\sps_device.axf" - 10 Errors, 1 Warning(s).
Target not created
Build target 'sps_device'
compiling app_task.c...
.\app_sample128_task.h(43): warning:  #1-D: last line of file ends without a newline
.\..\..\..\src\modules\app\api\app_task_handlers.h(174): error:  #20: identifier "sample128_create_db_cfg_handler" is undefined
.\..\..\..\src\modules\app\api\app_task_handlers.h(174): error:  #44: expression must have pointer type
compiling app_sample128.c...
app_sample128.c(14): error:  #70: incomplete type is not allowed
app_sample128.c(14): error:  #144: a value of type "struct sample128_creatte_db_req *" cannot be used to initialize an entity of type "struct sample128_create_db_req *"
app_sample128.c(25): error:  #70: incomplete type is not allowed
app_sample128.c(25): error:  #144: a value of type "struct sample128_creatte_db_req *" cannot be used to initialize an entity of type "struct sample128_enable_req *"
app_sample128.c(40): warning:  #1-D: last line of file ends without a newline
".\out\sps_device.axf" - 6 Errors, 2 Warning(s).
Target not created
Build target 'sps_device'
compiling app_task.c...
.\app_sample128_task.h(43): warning:  #1-D: last line of file ends without a newline
compiling app_sample128.c...
app_sample128.c(14): error:  #70: incomplete type is not allowed
app_sample128.c(14): error:  #144: a value of type "struct sample128_creatte_db_req *" cannot be used to initialize an entity of type "struct sample128_create_db_req *"
app_sample128.c(25): error:  #70: incomplete type is not allowed
app_sample128.c(25): error:  #144: a value of type "struct sample128_creatte_db_req *" cannot be used to initialize an entity of type "struct sample128_enable_req *"
app_sample128.c(40): warning:  #1-D: last line of file ends without a newline
".\out\sps_device.axf" - 4 Errors, 2 Warning(s).
Target not created
Build target 'sps_device'
compiling app_task.c...
.\app_sample128_task.h(44): warning:  #1-D: last line of file ends without a newline
compiling app_sample128.c...
app_sample128.c(14): error:  #70: incomplete type is not allowed
app_sample128.c(14): error:  #144: a value of type "struct sample128_creatte_db_req *" cannot be used to initialize an entity of type "struct sample128_create_db_req *"
app_sample128.c(25): error:  #70: incomplete type is not allowed
app_sample128.c(25): error:  #144: a value of type "struct sample128_creatte_db_req *" cannot be used to initialize an entity of type "struct sample128_enable_req *"
app_sample128.c(40): warning:  #1-D: last line of file ends without a newline
compiling app_sample128_task.c...
app_sample128_task.h(44): warning:  #1-D: last line of file ends without a newline
".\out\sps_device.axf" - 4 Errors, 3 Warning(s).
Target not created
Build target 'sps_device'
compiling app_sample128.c...
app_sample128.c(14): error:  #70: incomplete type is not allowed
app_sample128.c(14): error:  #144: a value of type "struct sample128_creatte_db_req *" cannot be used to initialize an entity of type "struct sample128_create_db_req *"
app_sample128.c(25): error:  #70: incomplete type is not allowed
app_sample128.c(25): error:  #144: a value of type "struct sample128_creatte_db_req *" cannot be used to initialize an entity of type "struct sample128_enable_req *"
app_sample128.c(40): warning:  #1-D: last line of file ends without a newline
".\out\sps_device.axf" - 4 Errors, 1 Warning(s).
Target not created
Build target 'sps_device'
compiling app_sample128.c...
app_sample128.c(14): error:  #70: incomplete type is not allowed
app_sample128.c(14): error:  #144: a value of type "struct sample128_creatte_db_req *" cannot be used to initialize an entity of type "struct sample128_create_db_req *"
app_sample128.c(27): error:  #70: incomplete type is not allowed
app_sample128.c(27): error:  #144: a value of type "struct sample128_creatte_db_req *" cannot be used to initialize an entity of type "struct sample128_enable_req *"
app_sample128.c(42): warning:  #1-D: last line of file ends without a newline
".\out\sps_device.axf" - 4 Errors, 1 Warning(s).
Target not created
Build target 'sps_device'
compiling app_sample128.c...
app_sample128.c(14): error:  #70: incomplete type is not allowed
app_sample128.c(14): error:  #144: a value of type "struct sample128_creatte_db_req *" cannot be used to initialize an entity of type "struct sample128_create_db_req *"
app_sample128.c(42): warning:  #1-D: last line of file ends without a newline
".\out\sps_device.axf" - 2 Errors, 1 Warning(s).
Target not created
Build target 'sps_device'
compiling app_sample128.c...
app_sample128.c(41): warning:  #1-D: last line of file ends without a newline
linking...
Program Size: Code=17020 RO-data=1768 RW-data=100 ZI-data=10416  
FromELF: creating hex file...
".\out\sps_device.axf" - 0 Errors, 1 Warning(s).
Build target 'sps_device'
compiling app_sample128.c...
app_sample128.c(43): warning:  #1-D: last line of file ends without a newline
linking...
Program Size: Code=17020 RO-data=1768 RW-data=100 ZI-data=10416  
FromELF: creating hex file...
".\out\sps_device.axf" - 0 Errors, 1 Warning(s).
Build target 'sps_device'
compiling app.c...
..\..\..\src\modules\app\src\app.c(376): warning:  #1441-D: nonstandard cast on lvalue
compiling app_task.c...
.\app_sample128_task.h(48): warning:  #231-D: declaration is not visible outside of function
.\app_sample128_task.h(51): warning:  #1-D: last line of file ends without a newline
compiling app_sps_scheduler.c...
compiling app_sps_device_project.c...
compiling app_spss_task.c...
compiling app_dis.c...
compiling app_dis_task.c...
compiling app_sec.c...
compiling app_sec_task.c...
compiling app_sample128.c...
app_sample128.c(43): warning:  #1-D: last line of file ends without a newline
compiling app_sample128_task.c...
app_sample128_task.h(48): warning:  #231-D: declaration is not visible outside of function
app_sample128_task.h(51): warning:  #1-D: last line of file ends without a newline
app_sample128_task.c(75): warning:  #231-D: declaration is not visible outside of function
app_sample128_task.c(74): error:  #147-D: declaration is incompatible with "int sample128_timer_handler(const ke_msg_id_t, const struct gapm_cmp_event *, const ke_task_id_t, const ke_task_id_t)" (declared at line 47 of "app_sample128_task.h")
app_sample128_task.c(94): warning:  #1-D: last line of file ends without a newline
".\out\sps_device.axf" - 1 Errors, 8 Warning(s).
Target not created
Build target 'sps_device'
compiling app_sample128_task.c...
app_sample128_task.h(48): warning:  #231-D: declaration is not visible outside of function
app_sample128_task.h(51): warning:  #1-D: last line of file ends without a newline
app_sample128_task.c(76): warning:  #231-D: declaration is not visible outside of function
app_sample128_task.c(75): error:  #147-D: declaration is incompatible with "int sample128_timer_handler(const ke_msg_id_t, const struct gapm_cmp_event *, const ke_task_id_t, const ke_task_id_t)" (declared at line 47 of "app_sample128_task.h")
app_sample128_task.c(95): warning:  #1-D: last line of file ends without a newline
".\out\sps_device.axf" - 1 Errors, 4 Warning(s).
Target not created
Build target 'sps_device'
compiling app_task.c...
.\app_sample128_task.h(48): warning:  #231-D: declaration is not visible outside of function
compiling app_sample128_task.c...
app_sample128_task.h(48): warning:  #231-D: declaration is not visible outside of function
app_sample128_task.c(78): warning:  #231-D: declaration is not visible outside of function
app_sample128_task.c(77): error:  #147-D: declaration is incompatible with "int sample128_timer_handler(const ke_msg_id_t, const struct gapm_cmp_event *, const ke_task_id_t, const ke_task_id_t)" (declared at line 47 of "app_sample128_task.h")
app_sample128_task.c(98): warning:  #1-D: last line of file ends without a newline
".\out\sps_device.axf" - 1 Errors, 4 Warning(s).
Target not created
Build target 'sps_device'
compiling app_task.c...
.\app_sample128_task.h(51): warning:  #231-D: declaration is not visible outside of function
compiling app_sps_device_project.c...
compiling app_sample128_task.c...
app_sample128_task.h(51): warning:  #231-D: declaration is not visible outside of function
app_sample128_task.c(78): warning:  #231-D: declaration is not visible outside of function
app_sample128_task.c(77): error:  #147-D: declaration is incompatible with "int sample128_timer_handler(const ke_msg_id_t, const struct gapm_cmp_event *, const ke_task_id_t, const ke_task_id_t)" (declared at line 50 of "app_sample128_task.h")
app_sample128_task.c(98): warning:  #1-D: last line of file ends without a newline
".\out\sps_device.axf" - 1 Errors, 4 Warning(s).
Target not created
Build target 'sps_device'
compiling app_task.c...
compiling app_sample128_task.c...
app_sample128_task.c(98): warning:  #1-D: last line of file ends without a newline
linking...
Program Size: Code=17108 RO-data=1776 RW-data=100 ZI-data=10420  
FromELF: creating hex file...
".\out\sps_device.axf" - 0 Errors, 1 Warning(s).
Build target 'sps_device'
compiling app_sample128_task.c...
app_sample128_task.c(85): error:  #29: expected an expression
app_sample128_task.c(98): warning:  #1-D: last line of file ends without a newline
".\out\sps_device.axf" - 1 Errors, 1 Warning(s).
Target not created
Build target 'sps_device'
compiling app_sample128_task.c...
app_sample128_task.c(98): warning:  #1-D: last line of file ends without a newline
linking...
Program Size: Code=17108 RO-data=1776 RW-data=100 ZI-data=10420  
FromELF: creating hex file...
".\out\sps_device.axf" - 0 Errors, 1 Warning(s).
Build target 'sps_device'
compiling app_sample128_task.c...
app_sample128_task.c(98): warning:  #1-D: last line of file ends without a newline
linking...
Program Size: Code=17108 RO-data=1776 RW-data=100 ZI-data=10420  
FromELF: creating hex file...
".\out\sps_device.axf" - 0 Errors, 1 Warning(s).
Build target 'sps_device'
compiling prf_utils.c...
compiling sample128.c...
compiling sample128_task.c...
compiling app_task.c...
compiling app_sps_device_project.c...
compiling app_sample128.c...
app_sample128.c(45): warning:  #1-D: last line of file ends without a newline
compiling app_sample128_task.c...
app_sample128_task.c(100): warning:  #1-D: last line of file ends without a newline
linking...
Program Size: Code=17144 RO-data=1776 RW-data=108 ZI-data=10420  
FromELF: creating hex file...
".\out\sps_device.axf" - 0 Errors, 2 Warning(s).
Build target 'sps_device'
compiling app_sample128_task.c...
app_sample128_task.c(72): error:  #513: a value of type "uint8_t *" cannot be assigned to an entity of type "uint8_t"
app_sample128_task.c(101): warning:  #1-D: last line of file ends without a newline
".\out\sps_device.axf" - 1 Errors, 1 Warning(s).
Target not created
Build target 'sps_device'
compiling app_sample128_task.c...
app_sample128_task.c(72): error:  #513: a value of type "uint8_t *" cannot be assigned to an entity of type "uint8_t"
app_sample128_task.c(101): warning:  #1-D: last line of file ends without a newline
".\out\sps_device.axf" - 1 Errors, 1 Warning(s).
Target not created
Build target 'sps_device'
compiling app_sample128_task.c...
app_sample128_task.c(100): warning:  #1-D: last line of file ends without a newline
linking...
Program Size: Code=17144 RO-data=1776 RW-data=108 ZI-data=10420  
FromELF: creating hex file...
".\out\sps_device.axf" - 0 Errors, 1 Warning(s).
Build target 'sps_device'
compiling prf_utils.c...
compiling sample128.c...
compiling sample128_task.c...
..\..\..\src\ip\ble\hl\src\profiles\sample128\sample128_task.c(65): error:  #144: a value of type "char *" cannot be used to initialize an entity of type "uint16_t"
compiling app_task.c...
compiling app_sps_device_project.c...
compiling app_sample128.c...
app_sample128.c(45): warning:  #1-D: last line of file ends without a newline
compiling app_sample128_task.c...
app_sample128_task.c(100): warning:  #1-D: last line of file ends without a newline
".\out\sps_device.axf" - 1 Errors, 2 Warning(s).
Target not created
Build target 'sps_device'
compiling sample128_task.c...
linking...
Program Size: Code=17144 RO-data=1776 RW-data=108 ZI-data=10420  
FromELF: creating hex file...
".\out\sps_device.axf" - 0 Errors, 0 Warning(s).
